// Jest Snapshot v1, https://goo.gl/fbAQLP

exports[`Modal should match snapshot 1`] = `<div />`;
