// Jest Snapshot v1, https://goo.gl/fbAQLP

exports[`SimpleCard should match snapshot 1`] = `
.c0 {
  font-family: "Titillium Web",sans-serif;
  position: relative;
  display: -webkit-box;
  display: -webkit-flex;
  display: -ms-flexbox;
  display: flex;
  -webkit-flex-direction: column;
  -ms-flex-direction: column;
  flex-direction: column;
  display: -webkit-box;
  display: -webkit-flex;
  display: -ms-flexbox;
  display: flex;
  -webkit-flex-wrap: wrap;
  -ms-flex-wrap: wrap;
  flex-wrap: wrap;
  -webkit-align-content: flex-start;
  -ms-flex-line-pack: start;
  align-content: flex-start;
  -webkit-transition: -webkit-transform 0.45s;
  -webkit-transition: transform 0.45s;
  transition: transform 0.45s;
  width: 150px;
  margin-inline: 10px;
  margin-bottom: 20px;
  cursor: pointer;
}

.c0:hover {
  -webkit-transform: scale(1.03);
  -ms-transform: scale(1.03);
  transform: scale(1.03);
}

.c0 .image {
  width: 100%;
}

<div>
  <div
    class="c0"
  >
    <img
      alt="Movie Title"
      class="image"
      src="http://image.tmdb.org/t/p/w500/lPsD10PP4rgUGiGR4CCXA6iY0QQ.jpg"
    />
  </div>
</div>
`;
